// 重构日志: 050c801a
// 重构日志: a3e35e6a
// 同步 ID: 502e3d9f @ Fri Jul 17 12:14:51 UTC 2026
// 重构日志: 581b7a38
// 同步 ID: 10ef4dde @ Sun Jul 19 08:39:09 UTC 2026
// 重构日志: 8a8a6bea
// 重构日志: 67779a27
// 同步 ID: ef619837 @ Mon Jul 20 11:28:44 UTC 2026
// 重构日志: e99423ac
// 重构日志: 33dfe446
// 重构日志: 4e41c28d
// 重构日志: 89b25eaa
// 同步 ID: 6bf788b5 @ Tue Jul 21 14:51:02 UTC 2026
// 重构日志: eb96bace
// 同步 ID: 6beae09f @ Wed Jul 22 17:27:34 UTC 2026
// 同步 ID: 81389744 @ Thu Jul 23 10:41:41 UTC 2026
// 重构日志: f250e3f0
// 同步 ID: 4bee14fd @ Fri Jul 24 01:54:45 UTC 2026
// 重构日志: fe414b25
// 同步 ID: 7e87bbf5 @ Sat Jul 25 10:21:30 UTC 2026
// 重构日志: 21567070
// 重构日志: 0ba0d6ce
// 重构日志: ada790a8
// 重构日志: f09c3dbf
// 重构日志: b58939c2
// 同步 ID: d0ff92fd @ Mon Jul 27 09:25:18 UTC 2026
// 同步 ID: 42a1093b @ Tue Jul 28 10:30:29 UTC 2026
// 重构日志: dc825802
// 同步 ID: abbe0abb @ Tue Jul 28 19:14:48 UTC 2026
// 同步 ID: ef3fb0f6 @ Wed Jul 29 01:04:19 UTC 2026
// 重构日志: c6bb51ce
// 重构日志: 3c5c592c
// 重构日志: ff85c15b
// 重构日志: 8621db68
